// Vitest Snapshot v1, https://vitest.dev/guide/snapshot.html

exports[`options test > forceAsync = false 1`] = `
"(async function () {
  const forceAsync = false;
  return {
    default: forceAsync
  };
})();"
`;

exports[`options test > wrappedByIIFE = false 1`] = `
"const {
  default: a
} = await import('a');
return {
  default: a
};"
`;

exports[`use with other plugins 1`] = `
"(async function () {
  const {
    createVNode: _createVNode,
    createTextVNode: _createTextVNode
  } = await import(\\"vue\\");
  const {
    defineComponent
  } = await import('vue');
  const {
    Button
  } = await import('@exmaples/vue3');
  return {
    default: defineComponent({
      setup() {
        return () => _createVNode(Button, null, {
          default: () => [_createTextVNode(\\"hello\\")]
        });
      }
    })
  };
})();"
`;
